// Jest Snapshot v1, https://goo.gl/fbAQLP

exports[`rendering renders Button correctly 1`] = `
<DocumentFragment>
  <button
    class="sc-AxjAm chZpQe button"
    data-testid="button-submit"
    type="submit"
  >
    OK
  </button>
</DocumentFragment>
`;
